Component: ARM Compiler 5.06 update 5 (build 528) Tool: armlink [4d35e2]

==============================================================================

Section Cross References

    system_stm32f10x.o(.text) refers to system_stm32f10x.o(.data) for .data
    main.o(.text) refers to demo_main.o(.text) for gui_app_start
    main.o(.text) refers to thread.o(.text) for tk_thread_create
    main.o(.text) refers to misc.o(.text) for NVIC_PriorityGroupConfig
    main.o(.text) refers to platform.o(.text) for systick_init
    main.o(.text) refers to led.o(.text) for led_init
    main.o(.text) refers to button.o(.text) for button_init
    main.o(.text) refers to lcd_driver.o(.text) for TFT_Init
    main.o(.text) refers to flash.o(.text) for FLASH_Init
    main.o(.text) refers to touch.o(.text) for TOUCH_Init
    main.o(.text) refers to tim.o(.text) for TIM3_Init
    main.o(.text) refers to rtc.o(.text) for rtc_init
    main.o(.text) refers to rtos.o(.text) for rtos_init
    sys.o(.text) refers to misc.o(.text) for NVIC_PriorityGroupConfig
    usart.o(.text) refers (Special) to use_no_semi_2.o(.text) for __use_no_semihosting
    usart.o(.text) refers to stm32f10x_rcc.o(.text) for RCC_APB2PeriphClockCmd
    usart.o(.text) refers to stm32f10x_gpio.o(.text) for GPIO_Init
    usart.o(.text) refers to misc.o(.text) for NVIC_Init
    usart.o(.text) refers to stm32f10x_usart.o(.text) for USART_Init
    usart.o(.text) refers to usart.o(.data) for .data
    usart.o(.text) refers to usart.o(.bss) for .bss
    usart.o(.bss) refers (Special) to use_no_semi_2.o(.text) for __use_no_semihosting
    usart.o(.data) refers (Special) to use_no_semi_2.o(.text) for __use_no_semihosting
    usart.o(.data) refers (Special) to use_no_semi_2.o(.text) for __use_no_semihosting
    startup_stm32f10x_hd.o(STACK) refers (Special) to heapauxi.o(.text) for __use_two_region_memory
    startup_stm32f10x_hd.o(HEAP) refers (Special) to heapauxi.o(.text) for __use_two_region_memory
    startup_stm32f10x_hd.o(RESET) refers (Special) to heapauxi.o(.text) for __use_two_region_memory
    startup_stm32f10x_hd.o(RESET) refers to startup_stm32f10x_hd.o(STACK) for __initial_sp
    startup_stm32f10x_hd.o(RESET) refers to startup_stm32f10x_hd.o(.text) for Reset_Handler
    startup_stm32f10x_hd.o(RESET) refers to stm32f10x_it.o(.text) for NMI_Handler
    startup_stm32f10x_hd.o(RESET) refers to context_rvds.o(.text) for HardFault_Handler
    startup_stm32f10x_hd.o(RESET) refers to sys_tick.o(.text) for SysTick_Handler
    startup_stm32f10x_hd.o(RESET) refers to rtc.o(.text) for RTC_IRQHandler
    startup_stm32f10x_hd.o(RESET) refers to main_loop_stm32_raw.o(.text) for TIM3_IRQHandler
    startup_stm32f10x_hd.o(RESET) refers to usart.o(.text) for USART1_IRQHandler
    startup_stm32f10x_hd.o(RESET) refers to tim.o(.text) for TIM5_IRQHandler
    startup_stm32f10x_hd.o(.text) refers (Special) to heapauxi.o(.text) for __use_two_region_memory
    startup_stm32f10x_hd.o(.text) refers to system_stm32f10x.o(.text) for SystemInit
    startup_stm32f10x_hd.o(.text) refers to __main.o(!!!main) for __main
    startup_stm32f10x_hd.o(.text) refers to startup_stm32f10x_hd.o(HEAP) for Heap_Mem
    startup_stm32f10x_hd.o(.text) refers to startup_stm32f10x_hd.o(STACK) for Stack_Mem
    stm32f10x_gpio.o(.text) refers to stm32f10x_rcc.o(.text) for RCC_APB2PeriphResetCmd
    stm32f10x_rcc.o(.text) refers to stm32f10x_rcc.o(.data) for .data
    stm32f10x_usart.o(.text) refers to stm32f10x_rcc.o(.text) for RCC_APB2PeriphResetCmd
    stm32f10x_wwdg.o(.text) refers to stm32f10x_rcc.o(.text) for RCC_APB1PeriphResetCmd
    stm32f10x_tim.o(.text) refers to stm32f10x_rcc.o(.text) for RCC_APB2PeriphResetCmd
    stm32f10x_bkp.o(.text) refers to stm32f10x_rcc.o(.text) for RCC_BackupResetCmd
    stm32f10x_pwr.o(.text) refers to stm32f10x_rcc.o(.text) for RCC_APB1PeriphResetCmd
    stm32f10x_spi.o(.text) refers to stm32f10x_rcc.o(.text) for RCC_APB2PeriphResetCmd
    led.o(.text) refers to stm32f10x_rcc.o(.text) for RCC_APB2PeriphClockCmd
    led.o(.text) refers to stm32f10x_gpio.o(.text) for GPIO_Init
    led.o(.text) refers to sys_tick.o(.text) for delay_ms
    led.o(.text) refers to led.o(.data) for .data
    lcd_driver.o(.text) refers to stm32f10x_rcc.o(.text) for RCC_APB2PeriphClockCmd
    lcd_driver.o(.text) refers to stm32f10x_gpio.o(.text) for GPIO_Init
    lcd_driver.o(.text) refers to stm32f10x_fsmc.o(.text) for FSMC_NORSRAMInit
    button.o(.text) refers to stm32f10x_rcc.o(.text) for RCC_APB2PeriphClockCmd
    button.o(.text) refers to stm32f10x_gpio.o(.text) for GPIO_Init
    button.o(.text) refers to sys_tick.o(.text) for delay_ms
    button.o(.text) refers to button.o(.data) for .data
    tim.o(.text) refers to stm32f10x_rcc.o(.text) for RCC_APB1PeriphClockCmd
    tim.o(.text) refers to stm32f10x_gpio.o(.text) for GPIO_Init
    tim.o(.text) refers to stm32f10x_tim.o(.text) for TIM_TimeBaseInit
    tim.o(.text) refers to misc.o(.text) for NVIC_Init
[...]
    0x08016a60   0x08016a60   0x00000060   Code   RO         3194    .text               ui_loader.o
    0x08016ac0   0x08016ac0   0x00000108   Code   RO         3209    .text               ui_loader_default.o
    0x08016bc8   0x08016bc8   0x000000ac   Code   RO         3279    .text               window_open.o
    0x08016c74   0x08016c74   0x0000028c   Code   RO         3322    .text               color_tile.o
    0x08016f00   0x08016f00   0x00000378   Code   RO         3342    .text               assets_manager.o
    0x08017278   0x08017278   0x00000228   Code   RO         3357    .text               locale_info.o
    0x080174a0   0x080174a0   0x000002e4   Code   RO         3372    .text               path.o
    0x08017784   0x08017784   0x00000030   Code   RO         3384    .text               app_bar.o
    0x080177b4   0x080177b4   0x00000030   Code   RO         3402    .text               column.o
    0x080177e4   0x080177e4   0x00000030   Code   RO         3420    .text               grid.o
    0x08017814   0x08017814   0x00000030   Code   RO         3438    .text               row.o
    0x08017844   0x08017844   0x000002c4   Code   RO         3456    .text               calibration_win.o
    0x08017b08   0x08017b08   0x00000160   Code   RO         3474    .text               font_loader_bitmap.o
    0x08017c68   0x08017c68   0x0000001a   Code   RO         3503    .text               font_loader.o
    0x08017c82   0x08017c82   0x00000002   PAD
    0x08017c84   0x08017c84   0x000006b2   Code   RO         3518    .text               window_base.o
    0x08018336   0x08018336   0x00000016   Code   RO         3538    .text               time_now.o
    0x0801834c   0x0801834c   0x000002bc   Code   RO         3550    .text               style.o
    0x08018608   0x08018608   0x00000180   Code   RO         3565    .text               style_const.o
    0x08018788   0x08018788   0x00000024   Code   RO         3582    .text               style_factory.o
    0x080187ac   0x080187ac   0x0000007c   Code   RO         3620    .text               clip_board_default.o
    0x08018828   0x08018828   0x000000c4   Code   RO         3637    .text               clip_board.o
    0x080188ec   0x080188ec   0x000005a4   Code   RO         3654    .text               image_base.o
    0x08018e90   0x08018e90   0x00000030   Code   RO         3668    .text               grid_item.o
    0x08018ec0   0x08018ec0   0x00000358   Code   RO         3686    .text               input_device_status.o
    0x08019218   0x08019218   0x0000017c   Code   RO         3700    .text               system_bar.o
    0x08019394   0x08019394   0x00000864   Code   RO         3720    .text               children_layouter_default.o
    0x08019bf8   0x08019bf8   0x000005d4   Code   RO         3741    .text               self_layouter_default.o
    0x0801a1cc   0x0801a1cc   0x000000e8   Code   RO         3759    .text               children_layouter.o
    0x0801a2b4   0x0801a2b4   0x000000d4   Code   RO         3774    .text               self_layouter.o
    0x0801a388   0x0801a388   0x0000010c   Code   RO         3810    .text               func_call_parser.o
    0x0801a494   0x0801a494   0x00000078   Code   RO         3831    .text               event.o
    0x0801a50c   0x0801a50c   0x000000ec   Code   RO         3844    .text               named_value.o
    0x0801a5f8   0x0801a5f8   0x000006fc   Code   RO         3860    .text               object.o
    0x0801acf4   0x0801acf4   0x00000436   Code   RO         3873    .text               object_default.o
    0x0801b12a   0x0801b12a   0x00000002   PAD
    0x0801b12c   0x0801b12c   0x00000084   Code   RO         3912    .text               timer_info.o
    0x0801b1b0   0x0801b1b0   0x00000238   Code   RO         3936    .text               timer_manager.o
    0x0801b3e8   0x0801b3e8   0x00000178   Code   RO         3951    .text               idle_manager.o
    0x0801b560   0x0801b560   0x00000074   Code   RO         3972    .text               idle_info.o
    0x0801b5d4   0x0801b5d4   0x000001f8   Code   RO         3987    .text               slist.o
    0x0801b7cc   0x0801b7cc   0x00000374   Code   RO         4003    .text               darray.o
    0x0801bb40   0x0801bb40   0x00001278   Code   RO         4016    .text               expr_eval.o
    0x0801cdb8   0x0801cdb8   0x00000002   Code   RO         4030    .text               lcd_profile.o
    0x0801cdba   0x0801cdba   0x00000002   PAD
    0x0801cdbc   0x0801cdbc   0x000000fc   Code   RO         4057    .text               window_animator_factory.o
    0x0801ceb8   0x0801ceb8   0x0000014c   Code   RO         4072    .text               dialog_highlighter.o
    0x0801d004   0x0801d004   0x0000012c   Code   RO         4085    .text               dialog_highlighter_factory.o
    0x0801d130   0x0801d130   0x00000020   Code   RO         4103    .text               children_layouter_builtins.o
    0x0801d150   0x0801d150   0x00000120   Code   RO         4124    .text               children_layouter_parser.o
    0x0801d270   0x0801d270   0x00000038   Code   RO         4145    .text               self_layouter_builtins.o
    0x0801d2a8   0x0801d2a8   0x00000088   Code   RO         4166    .text               self_layouter_parser.o
    0x0801d330   0x0801d330   0x000000ec   Code   RO         4187    .text               children_layouter_factory.o
    0x0801d41c   0x0801d41c   0x000000ec   Code   RO         4202    .text               self_layouter_factory.o
    0x0801d508   0x0801d508   0x00000030   Code   RO         4217    .text               overlay.o
    0x0801d538   0x0801d538   0x00000544   Code   RO         4249    .text               style_mutable.o
    0x0801da7c   0x0801da7c   0x00001ec2   Code   RO         4302    .text               text_edit.o
    0x0801f93e   0x0801f93e   0x00000002   PAD
    0x0801f940   0x0801f940   0x00000428   Code   RO         4432    .text               self_layouter_menu.o
    0x0801fd68   0x0801fd68   0x00000570   Code   RO         4450    .text               hscrollable.o
    0x080202d8   0x080202d8   0x0000024a   Code   RO         4463    .text               native_window.o
    0x08020522   0x08020522   0x00000002   PAD
    0x08020524   0x08020524   0x000000f8   Code   RO         4475    .text               native_window_raw.o
    0x0802061c   0x0802061c   0x0000108c   Code   RO         4494    .text               window_manager_default.o
    0x080216a8   0x080216a8   0x00000518   Code   RO         4516    .text               dialog_helper.o
    0x08021bc0   0x08021bc0   0x0000036c   Code   RO         4534    .text               widgets.o
    0x08021f2c   0x08021f2c   0x00000034   Code   RO         4609    .text               ui_feedback.o
    0x08021f60   0x08021f60   0x00000448   Code   RO         4626    .text               wordbreak.o
    0x080223a8   0x080223a8   0x00000104   Code   RO         4668    .text               unibreakdef.o
    0x080224ac   0x080224ac   0x000003e0   Code   RO         4728    .text               linebreak.o
    0x0802288c   0x0802288c   0x00000038   Code   RO         4779    .text               emojidef.o
    0x080228c4   0x080228c4   0x00000048   Code   RO         4794    .text               graphic_buffer.o
    0x0802290c   0x0802290c   0x00000120   Code   RO         4806    .text               graphic_buffer_default.o
    0x08022a2c   0x08022a2c   0x00000944   Code   RO         4820    .text               lcd_stm32_raw.o
    0x08023370   0x08023370   0x000000b8   Code   RO         4859    .text               main_loop_stm32_raw.o
    0x08023428   0x08023428   0x00000068   Code   RO         5016    .text               platform.o
    0x08023490   0x08023490   0x00000004   Code   RO         5031    .text               fs_os.o
    0x08023494   0x08023494   0x0000008c   Code   RO         5043    .text               mutex.o
    0x08023520   0x08023520   0x0000002c   Code   RO         5139    .text               sys_tick.o
    0x0802354c   0x0802354c   0x00000120   Code   RO         5153    .text               thread.o
    0x0802366c   0x0802366c   0x00000068   Code   RO         5178    .text               rtos.o
    0x080236d4   0x080236d4   0x0000001c   Code   RO         5212    .text               demo_main.o
    0x080236f0   0x080236f0   0x00000540   Code   RO         5227    .text               demo1_app.o
    0x08023c30   0x08023c30   0x0000019c   Code   RO         5242    .text               assets-mini.o
    0x08023dcc   0x08023dcc   0x00000078   Code   RO         5290    .text               clock.o
    0x08023e44   0x08023e44   0x00000532   Code   RO         5310    .text               device.o
    0x08024376   0x08024376   0x00000002   PAD
    0x08024378   0x08024378   0x000001d0   Code   RO         5323    .text               idle_1.o
    0x08024548   0x08024548   0x00001bf8   Code   RO         5342    .text               ipc.o
    0x08026140   0x08026140   0x00000064   Code   RO         5363    .text               irq.o
    0x080261a4   0x080261a4   0x000008bc   Code   RO         5378    .text               kservice.o
    0x08026a60   0x08026a60   0x000006d4   Code   RO         5398    .text               mem_1.o
    0x08027134   0x08027134   0x00000370   Code   RO         5439    .text               object_1.o
    0x080274a4   0x080274a4   0x00000314   Code   RO         5458    .text               scheduler.o
    0x080277b8   0x080277b8   0x0000077c   Code   RO         5497    .text               thread_1.o
    0x08027f34   0x08027f34   0x00000510   Code   RO         5517    .text               timer_1.o
    0x08028444   0x08028444   0x00000278   Code   RO         5536    .text               cpuport.o
    0x080286bc   0x080286bc   0x000000f4   Code   RO         5555    .text               context_rvds.o
    0x080287b0   0x080287b0   0x00000002   Code   RO         5561    .text               c_w.l(use_no_semi_2.o)
    0x080287b2   0x080287b2   0x00000002   PAD
    0x080287b4   0x080287b4   0x00000010   Code   RO         5563    .text               c_w.l(rt_ctype_table.o)
    0x080287c4   0x080287c4   0x000000ee   Code   RO         5565    .text               c_w.l(lludivv7m.o)
    0x080288b2   0x080288b2   0x0000001a   Code   RO         5567    .text               c_w.l(tolower.o)
    0x080288cc   0x080288cc   0x0000001e   Code   RO         5569    .text               c_w.l(toupper.o)
    0x080288ea   0x080288ea   0x00000004   Code   RO         5571    .text               c_w.l(iswspace.o)
    0x080288ee   0x080288ee   0x00000002   PAD
    0x080288f0   0x080288f0   0x00000034   Code   RO         5573    .text               c_w.l(vsnprintf.o)
    0x08028924   0x08028924   0x00000018   Code   RO         5575    .text               c_w.l(__2printf.o)
    0x0802893c   0x0802893c   0x00000078   Code   RO         5581    .text               c_w.l(_printf_dec.o)
    0x080289b4   0x080289b4   0x00000188   Code   RO         5600    .text               c_w.l(__printf_flags_ss_wp.o)
    0x08028b3c   0x08028b3c   0x00000034   Code   RO         5605    .text               c_w.l(vsscanf.o)
    0x08028b70   0x08028b70   0x00000070   Code   RO         5607    .text               c_w.l(strtol.o)
    0x08028be0   0x08028be0   0x00000072   Code   RO         5609    .text               c_w.l(strtoul.o)
    0x08028c52   0x08028c52   0x00000050   Code   RO         5611    .text               c_w.l(bsearchnoex.o)
    0x08028ca2   0x08028ca2   0x00000014   Code   RO         5613    .text               c_w.l(strchr.o)
    0x08028cb6   0x08028cb6   0x00000024   Code   RO         5615    .text               c_w.l(strstr.o)
    0x08028cda   0x08028cda   0x00000058   Code   RO         5617    .text               c_w.l(memcmp.o)
    0x08028d32   0x08028d32   0x00000048   Code   RO         5619    .text               c_w.l(strcpy.o)
    0x08028d7a   0x08028d7a   0x0000002a   Code   RO         5621    .text               c_w.l(strcasecmp.o)
    0x08028da4   0x08028da4   0x00000016   Code   RO         5623    .text               c_w.l(strrchr.o)
    0x08028dba   0x08028dba   0x0000003e   Code   RO         5625    .text               c_w.l(strlen.o)
    0x08028df8   0x08028df8   0x00000012   Code   RO         5627    .text               c_w.l(wcscpy.o)
    0x08028e0a   0x08028e0a   0x00000018   Code   RO         5629    .text               c_w.l(wcscmp.o)
    0x08028e22   0x08028e22   0x00000016   Code   RO         5631    .text               c_w.l(wcschr.o)
    0x08028e38   0x08028e38   0x00000012   Code   RO         5633    .text               c_w.l(wcslen.o)
    0x08028e4a   0x08028e4a   0x00000096   Code   RO         5635    .text               c_w.l(strncmp.o)
    0x08028ee0   0x08028ee0   0x0000008a   Code   RO         5637    .text               c_w.l(rt_memcpy_v6.o)
    0x08028f6a   0x08028f6a   0x00000084   Code   RO         5639    .text               c_w.l(rt_memmove_v6.o)
    0x08028fee   0x08028fee   0x00000064   Code   RO         5641    .text               c_w.l(rt_memcpy_w.o)
    0x08029052   0x08029052   0x0000007a   Code   RO         5643    .text               c_w.l(rt_memmove_w.o)
    0x080290cc   0x080290cc   0x00000044   Code   RO         5647    .text               c_w.l(rt_memclr.o)
    0x08029110   0x08029110   0x0000004e   Code   RO         5649    .text               c_w.l(rt_memclr_w.o)
    0x0802915e   0x0802915e   0x00000056   Code   RO         5651    .text               c_w.l(strncpy.o)
    0x080291b4   0x080291b4   0x00000080   Code   RO         5653    .text               c_w.l(strcmpv7m.o)
    0x08029234   0x08029234   0x00000006   Code   RO         5655    .text               c_w.l(heapauxi.o)
    0x0802923a   0x0802923a   0x00000002   Code   RO         5853    .text               c_w.l(use_no_semi.o)
    0x0802923c   0x0802923c   0x00000008   Code   RO         5863    .text               c_w.l(rt_locale_intlibspace.o)
    0x08029244   0x08029244   0x00000008   Code   RO         5868    .text               c_w.l(rt_errno_addr_intlibspace.o)
    0x0802924c   0x0802924c   0x00000016   Code   RO         5870    .text               c_w.l(_rserrno.o)
    0x08029262   0x08029262   0x0000000c   Code   RO         5872    .text               c_w.l(_iswspace.o)
    0x0802926e   0x0802926e   0x0000004e   Code   RO         5874    .text               c_w.l(_printf_pad.o)
    0x080292bc   0x080292bc   0x00000024   Code   RO         5876    .text               c_w.l(_printf_truncate.o)
    0x080292e0   0x080292e0   0x00000052   Code   RO         5878    .text               c_w.l(_printf_str.o)
    0x08029332   0x08029332   0x000000b2   Code   RO         5880    .text               c_w.l(_printf_intcommon.o)
    0x080293e4   0x080293e4   0x00000028   Code   RO         5882    .text               c_w.l(_printf_charcount.o)
    0x0802940c   0x0802940c   0x00000030   Code   RO         5884    .text               c_w.l(_printf_char_common.o)
    0x0802943c   0x0802943c   0x0000000a   Code   RO         5886    .text               c_w.l(_sputc.o)
    0x08029446   0x08029446   0x00000010   Code   RO         5888    .text               c_w.l(_snputc.o)
    0x08029456   0x08029456   0x00000002   PAD
    0x08029458   0x08029458   0x00000024   Code   RO         5890    .text               c_w.l(_printf_char_file.o)
    0x0802947c   0x0802947c   0x000000bc   Code   RO         5892    .text               c_w.l(_printf_wctomb.o)
    0x08029538   0x08029538   0x0000007c   Code   RO         5895    .text               c_w.l(_printf_longlong_dec.o)
    0x080295b4   0x080295b4   0x00000070   Code   RO         5901    .text               c_w.l(_printf_oct_int_ll.o)
    0x08029624   0x08029624   0x00000094   Code   RO         5921    .text               c_w.l(_printf_hex_int_ll_ptr.o)
    0x080296b8   0x080296b8   0x00000156   Code   RO         5946    .text               c_w.l(_scanf_longlong.o)
    0x0802980e   0x0802980e   0x0000014c   Code   RO         5948    .text               c_w.l(_scanf_int.o)
    0x0802995a   0x0802995a   0x000000e0   Code   RO         5950    .text               c_w.l(_scanf_str.o)
    0x08029a3a   0x08029a3a   0x00000002   PAD
    0x08029a3c   0x08029a3c   0x0000002c   Code   RO         5952    .text               c_w.l(scanf_char.o)
    0x08029a68   0x08029a68   0x00000040   Code   RO         5954    .text               c_w.l(_sgetc.o)
    0x08029aa8   0x08029aa8   0x0000009e   Code   RO         5956    .text               c_w.l(_strtoul.o)
    0x08029b46   0x08029b46   0x00000002   PAD
    0x08029b48   0x08029b48   0x000000a4   Code   RO         5958    .text               c_w.l(strtod.o)
    0x08029bec   0x08029bec   0x00000114   Code   RO         5960    .text               c_w.l(_scanf_mbtowc.o)
    0x08029d00   0x08029d00   0x000000e8   Code   RO         5962    .text               c_w.l(_scanf_wctomb.o)
    0x08029de8   0x08029de8   0x000000d0   Code   RO         5964    .text               c_w.l(_scanf_wstr.o)
    0x08029eb8   0x08029eb8   0x00000008   Code   RO         6037    .text               c_w.l(libspace.o)
    0x08029ec0   0x08029ec0   0x0000008a   Code   RO         6057    .text               c_w.l(lludiv10.o)
    0x08029f4a   0x08029f4a   0x00000012   Code   RO         6059    .text               c_w.l(isspace.o)
    0x08029f5c   0x08029f5c   0x00000064   Code   RO         6061    .text               c_w.l(wclass_c.o)
    0x08029fc0   0x08029fc0   0x0000041e   Code   RO         6063    .text               c_w.l(_printf_fp_dec.o)
    0x0802a3de   0x0802a3de   0x00000002   PAD
    0x0802a3e0   0x0802a3e0   0x000002fc   Code   RO         6065    .text               c_w.l(_printf_fp_hex.o)
    0x0802a6dc   0x0802a6dc   0x0000002c   Code   RO         6070    .text               c_w.l(_printf_char.o)
    0x0802a708   0x0802a708   0x0000002c   Code   RO         6072    .text               c_w.l(_printf_wchar.o)
    0x0802a734   0x0802a734   0x0000001c   Code   RO         6074    .text               c_w.l(_chval.o)
    0x0802a750   0x0802a750   0x00000374   Code   RO         6076    .text               c_w.l(_scanf.o)
    0x0802aac4   0x0802aac4   0x000004f8   Code   RO         6078    .text               c_w.l(scanf_fp.o)
    0x0802afbc   0x0802afbc   0x0000001e   Code   RO         6080    .text               c_w.l(_scanf_wcharmap.o)
    0x0802afda   0x0802afda   0x00000008   Code   RO         6082    .text               c_w.l(ferror.o)
    0x0802afe2   0x0802afe2   0x0000003c   Code   RO         6086    .text               c_w.l(_mbrtowc.o)
    0x0802b01e   0x0802b01e   0x00000040   Code   RO         6088    .text               c_w.l(_wcrtomb.o)
    0x0802b05e   0x0802b05e   0x0000004a   Code   RO         6140    .text               c_w.l(sys_stackheap_outer.o)
    0x0802b0a8   0x0802b0a8   0x00000080   Code   RO         6142    .text               c_w.l(_printf_fp_infnan.o)
    0x0802b128   0x0802b128   0x000000e4   Code   RO         6144    .text               c_w.l(bigflt0.o)
    0x0802b20c   0x0802b20c   0x00000012   Code   RO         6169    .text               c_w.l(exit.o)
    0x0802b21e   0x0802b21e   0x00000002   PAD
    0x0802b220   0x0802b220   0x00000320   Code   RO         6209    .text               c_w.l(scanf_hexfp.o)
    0x0802b540   0x0802b540   0x00000134   Code   RO         6211    .text               c_w.l(scanf_infnan.o)
    0x0802b674   0x0802b674   0x00000026   Code   RO         6236    .text               c_w.l(llshl.o)
    0x0802b69a   0x0802b69a   0x0000003e   Code   RO         6147    CL$$btod_d2e        c_w.l(btod.o)
    0x0802b6d8   0x0802b6d8   0x00000046   Code   RO         6149    CL$$btod_d2e_denorm_low  c_w.l(btod.o)
    0x0802b71e   0x0802b71e   0x00000060   Code   RO         6148    CL$$btod_d2e_norm_op1  c_w.l(btod.o)
    0x0802b77e   0x0802b77e   0x00000338   Code   RO         6157    CL$$btod_div_common  c_w.l(btod.o)
    0x0802bab6   0x0802bab6   0x00000002   PAD
    0x0802bab8   0x0802bab8   0x00000084   Code   RO         6155    CL$$btod_e2d        c_w.l(btod.o)
    0x0802bb3c   0x0802bb3c   0x000000dc   Code   RO         6154    CL$$btod_e2e        c_w.l(btod.o)
    0x0802bc18   0x0802bc18   0x0000002a   Code   RO         6151    CL$$btod_ediv       c_w.l(btod.o)
    0x0802bc42   0x0802bc42   0x0000002a   Code   RO         6153    CL$$btod_edivd      c_w.l(btod.o)
    0x0802bc6c   0x0802bc6c   0x0000002a   Code   RO         6150    CL$$btod_emul       c_w.l(btod.o)
    0x0802bc96   0x0802bc96   0x0000002a   Code   RO         6152    CL$$btod_emuld      c_w.l(btod.o)
    0x0802bcc0   0x0802bcc0   0x00000244   Code   RO         6156    CL$$btod_mult_common  c_w.l(btod.o)
    0x0802bf04   0x0802bf04   0x00000028   Code   RO         6015    i.__ARM_fpclassify  m_ws.l(fpclassify.o)
    0x0802bf2c   0x0802bf2c   0x00000388   Code   RO         6020    i.__ieee754_rem_pio2  m_ws.l(rred.o)
    0x0802c2b4   0x0802c2b4   0x000000fc   Code   RO         5998    i.__kernel_cos      m_ws.l(cos_i.o)
    0x0802c3b0   0x0802c3b0   0x000000aa   Code   RO         6017    i.__kernel_poly     m_ws.l(poly.o)
    0x0802c45a   0x0802c45a   0x00000002   PAD
    0x0802c45c   0x0802c45c   0x000000ec   Code   RO         6025    i.__kernel_sin      m_ws.l(sin_i.o)
    0x0802c548   0x0802c548   0x0000027c   Code   RO         6031    i.__kernel_tan      m_ws.l(tan_i.o)
    0x0802c7c4   0x0802c7c4   0x00000010   Code   RO         6001    i.__mathlib_dbl_divzero  m_ws.l(dunder.o)
    0x0802c7d4   0x0802c7d4   0x00000006   Code   RO         6002    i.__mathlib_dbl_infnan  m_ws.l(dunder.o)
    0x0802c7da   0x0802c7da   0x0000000c   Code   RO         6004    i.__mathlib_dbl_invalid  m_ws.l(dunder.o)
    0x0802c7e6   0x0802c7e6   0x0000000e   Code   RO         6005    i.__mathlib_dbl_overflow  m_ws.l(dunder.o)
    0x0802c7f4   0x0802c7f4   0x00000010   Code   RO         6007    i.__mathlib_dbl_underflow  m_ws.l(dunder.o)
    0x0802c804   0x0802c804   0x00000010   Code   RO         6199    i.__mathlib_narrow  m_ws.l(narrow.o)
    0x0802c814   0x0802c814   0x000000bc   Code   RO         6200    i.__mathlib_tofloat  m_ws.l(narrow.o)
    0x0802c8d0   0x0802c8d0   0x00000016   Code   RO         6247    i.__support_ldexp   m_ws.l(ldexp.o)
    0x0802c8e6   0x0802c8e6   0x0000000e   Code   RO         5593    i._is_digit         c_w.l(__printf_wp.o)
    0x0802c8f4   0x0802c8f4   0x0000027c   Code   RO         5742    i.acos              m_ws.l(acos.o)
    0x0802cb70   0x0802cb70   0x00000270   Code   RO         5752    i.asin              m_ws.l(asin.o)
    0x0802cde0   0x0802cde0   0x00000220   Code   RO         5762    i.atan              m_ws.l(atan.o)
    0x0802d000   0x0802d000   0x0000002a   Code   RO         5772    i.atof              m_ws.l(atof.o)
    0x0802d02a   0x0802d02a   0x00000002   PAD
    0x0802d02c   0x0802d02c   0x000000dc   Code   RO         5776    i.ceil              m_ws.l(ceil.o)
    0x0802d108   0x0802d108   0x0000009c   Code   RO         5780    i.cos               m_ws.l(cos.o)
    0x0802d1a4   0x0802d1a4   0x00000284   Code   RO         5788    i.exp               m_ws.l(exp.o)
    0x0802d428   0x0802d428   0x000000dc   Code   RO         5798    i.floor             m_ws.l(floor.o)
    0x0802d504   0x0802d504   0x00000058   Code   RO         6222    i.frexp             m_ws.l(frexp.o)
    0x0802d55c   0x0802d55c   0x00000074   Code   RO         6248    i.ldexp             m_ws.l(ldexp.o)
    0x0802d5d0   0x0802d5d0   0x0000035c   Code   RO         5802    i.log               m_ws.l(log.o)
    0x0802d92c   0x0802d92c   0x000000e4   Code   RO         5812    i.log10             m_ws.l(log10.o)
    0x0802da10   0x0802da10   0x000000a0   Code   RO         5830    i.sin               m_ws.l(sin.o)
    0x0802dab0   0x0802dab0   0x0000004c   Code   RO         5838    i.sqrt              m_ws.l(sqrt.o)
    0x0802dafc   0x0802dafc   0x00000064   Code   RO         5846    i.tan               m_ws.l(tan.o)
    0x0802db60   0x0802db60   0x0000002c   Code   RO         5967    locale$$code        c_w.l(lc_ctype_c.o)
    0x0802db8c   0x0802db8c   0x0000002c   Code   RO         6091    locale$$code        c_w.l(lc_numeric_c.o)
    0x0802dbb8   0x0802dbb8   0x00000062   Code   RO         5659    x$fpl$d2f           fz_ws.l(d2f.o)
    0x0802dc1a   0x0802dc1a   0x00000002   PAD
    0x0802dc1c   0x0802dc1c   0x00000150   Code   RO         5661    x$fpl$dadd          fz_ws.l(daddsub_clz.o)
    0x0802dd6c   0x0802dd6c   0x00000010   Code   RO         5969    x$fpl$dcheck1       fz_ws.l(dcheck1.o)
    0x0802dd7c   0x0802dd7c   0x00000018   Code   RO         5971    x$fpl$dcmpinf       fz_ws.l(dcmpi.o)
    0x0802dd94   0x0802dd94   0x000002b0   Code   RO         5668    x$fpl$ddiv          fz_ws.l(ddiv.o)
    0x0802e044   0x0802e044   0x00000078   Code   RO         5671    x$fpl$deqf          fz_ws.l(deqf.o)
    0x0802e0bc   0x0802e0bc   0x0000005e   Code   RO         5673    x$fpl$dfix          fz_ws.l(dfix.o)
    0x0802e11a   0x0802e11a   0x00000002   PAD
    0x0802e11c   0x0802e11c   0x0000005a   Code   RO         5681    x$fpl$dfixu         fz_ws.l(dfixu.o)
    0x0802e176   0x0802e176   0x0000002e   Code   RO         5686    x$fpl$dflt          fz_ws.l(dflt_clz.o)
    0x0802e1a4   0x0802e1a4   0x000000a2   Code   RO         5691    x$fpl$dfltll        fz_ws.l(dfltll_clz.o)
    0x0802e246   0x0802e246   0x00000026   Code   RO         5685    x$fpl$dfltu         fz_ws.l(dflt_clz.o)
    0x0802e26c   0x0802e26c   0x00000078   Code   RO         5695    x$fpl$dleqf         fz_ws.l(dleqf.o)
    0x0802e2e4   0x0802e2e4   0x00000154   Code   RO         5697    x$fpl$dmul          fz_ws.l(dmul.o)
    0x0802e438   0x0802e438   0x0000009c   Code   RO         5973    x$fpl$dnaninf       fz_ws.l(dnaninf.o)
    0x0802e4d4   0x0802e4d4   0x0000000c   Code   RO         5975    x$fpl$dretinf       fz_ws.l(dretinf.o)
    0x0802e4e0   0x0802e4e0   0x0000006c   Code   RO         5699    x$fpl$drleqf        fz_ws.l(drleqf.o)
    0x0802e54c   0x0802e54c   0x00000016   Code   RO         5662    x$fpl$drsb          fz_ws.l(daddsub_clz.o)
    0x0802e562   0x0802e562   0x00000002   PAD
    0x0802e564   0x0802e564   0x000001cc   Code   RO         5977    x$fpl$dsqrt         fz_ws.l(dsqrt_noumaal.o)
    0x0802e730   0x0802e730   0x000001d4   Code   RO         5663    x$fpl$dsub          fz_ws.l(daddsub_clz.o)
    0x0802e904   0x0802e904   0x00000056   Code   RO         5701    x$fpl$f2d           fz_ws.l(f2d.o)
    0x0802e95a   0x0802e95a   0x00000002   PAD
    0x0802e95c   0x0802e95c   0x000000c4   Code   RO         5703    x$fpl$fadd          fz_ws.l(faddsub_clz.o)
    0x0802ea20   0x0802ea20   0x0000000c   Code   RO         5979    x$fpl$fcheck1       fz_ws.l(fcheck1.o)
    0x0802ea2c   0x0802ea2c   0x00000018   Code   RO         5981    x$fpl$fcmpinf       fz_ws.l(fcmpi.o)
    0x0802ea44   0x0802ea44   0x00000184   Code   RO         5710    x$fpl$fdiv          fz_ws.l(fdiv.o)
    0x0802ebc8   0x0802ebc8   0x00000068   Code   RO         5713    x$fpl$feqf          fz_ws.l(feqf.o)
    0x0802ec30   0x0802ec30   0x00000036   Code   RO         5715    x$fpl$ffix          fz_ws.l(ffix.o)
    0x0802ec66   0x0802ec66   0x00000002   PAD
    0x0802ec68   0x0802ec68   0x0000003e   Code   RO         5719    x$fpl$ffixu         fz_ws.l(ffixu.o)
    0x0802eca6   0x0802eca6   0x00000002   PAD
    0x0802eca8   0x0802eca8   0x00000030   Code   RO         5724    x$fpl$fflt          fz_ws.l(fflt_clz.o)
    0x0802ecd8   0x0802ecd8   0x00000060   Code   RO         5729    x$fpl$ffltll        fz_ws.l(ffltll_clz.o)
    0x0802ed38   0x0802ed38   0x00000026   Code   RO         5723    x$fpl$ffltu         fz_ws.l(fflt_clz.o)
    0x0802ed5e   0x0802ed5e   0x00000002   PAD
    0x0802ed60   0x0802ed60   0x00000068   Code   RO         5731    x$fpl$fleqf         fz_ws.l(fleqf.o)
    0x0802edc8   0x0802edc8   0x00000102   Code   RO         5733    x$fpl$fmul          fz_ws.l(fmul.o)
    0x0802eeca   0x0802eeca   0x0000008c   Code   RO         5983    x$fpl$fnaninf       fz_ws.l(fnaninf.o)
    0x0802ef56   0x0802ef56   0x0000000a   Code   RO         5985    x$fpl$fretinf       fz_ws.l(fretinf.o)
    0x0802ef60   0x0802ef60   0x00000062   Code   RO         5735    x$fpl$frleqf        fz_ws.l(frleqf.o)
    0x0802efc2   0x0802efc2   0x00000014   Code   RO         5704    x$fpl$frsb          fz_ws.l(faddsub_clz.o)
    0x0802efd6   0x0802efd6   0x00000002   PAD
    0x0802efd8   0x0802efd8   0x000000ea   Code   RO         5705    x$fpl$fsub          fz_ws.l(faddsub_clz.o)
    0x0802f0c2   0x0802f0c2   0x00000006   Code   RO         6189    x$fpl$ieeestatus    fz_ws.l(istatus.o)
    0x0802f0c8   0x0802f0c8   0x000000c2   Code   RO         5677    x$fpl$llsfromd      fz_ws.l(dfixll.o)
    0x0802f18a   0x0802f18a   0x00000004   Code   RO         5987    x$fpl$printf1       fz_ws.l(printf1.o)
    0x0802f18e   0x0802f18e   0x00000004   Code   RO         5989    x$fpl$printf2       fz_ws.l(printf2.o)
    0x0802f192   0x0802f192   0x00000064   Code   RO         6138    x$fpl$retnan        fz_ws.l(retnan.o)
    0x0802f1f6   0x0802f1f6   0x0000005c   Code   RO         5737    x$fpl$scalbn        fz_ws.l(scalbn.o)
    0x0802f252   0x0802f252   0x0000004c   Code   RO         5739    x$fpl$scalbnf       fz_ws.l(scalbnf.o)
    0x0802f29e   0x0802f29e   0x00000004   Code   RO         5995    x$fpl$scanf1        fz_ws.l(scanf1.o)
    0x0802f2a2   0x0802f2a2   0x00000008   Code   RO         6191    x$fpl$scanf2        fz_ws.l(scanf2.o)
    0x0802f2aa   0x0802f2aa   0x00000030   Code   RO         6197    x$fpl$trapveneer    fz_ws.l(trapv.o)
    0x0802f2da   0x0802f2da   0x00000000   Code   RO         5997    x$fpl$usenofp       fz_ws.l(usenofp.o)
    0x0802f2da   0x0802f2da   0x00000018   Data   RO          551    .constdata          rtc.o
    0x0802f2f2   0x0802f2f2   0x00000948   Data   RO          609    .constdata          gui.o
    0x0802fc3a   0x0802fc3a   0x00000002   PAD
    0x0802fc3c   0x0802fc3c   0x00000047   Data   RO          644    .constdata          bitmap.o
    0x0802fc83   0x0802fc83   0x00000018   Data   RO          699    .constdata          buffer.o
    0x0802fc9b   0x0802fc9b   0x00000001   PAD
    0x0802fc9c   0x0802fc9c   0x00000080   Data   RO          718    .constdata          button_1.o
    0x0802fd1c   0x0802fd1c   0x00000100   Data   RO          954    .constdata          check_button.o
    0x0802fe1c   0x0802fe1c   0x0000000d   Data   RO          974    .constdata          color.o
    0x0802fe29   0x0802fe29   0x00000003   PAD
    0x0802fe2c   0x0802fe2c   0x00000080   Data   RO          987    .constdata          dialog.o
    0x0802feac   0x0802feac   0x00000023   Data   RO         1139    .constdata          emitter.o
    0x0802fecf   0x0802fecf   0x00000001   PAD
    0x0802fed0   0x0802fed0   0x00000930   Data   RO         1158    .constdata          enums.o
    0x08030800   0x08030800   0x0000000d   Data   RO         1188    .constdata          font.o
    0x0803080d   0x0803080d   0x00000014   Data   RO         1207    .constdata          font_manager.o
    0x08030821   0x08030821   0x00000003   PAD
    0x08030824   0x08030824   0x00000080   Data   RO         1276    .constdata          group_box.o
    0x080308a4   0x080308a4   0x00000080   Data   RO         1294    .constdata          image.o
    0x08030924   0x08030924   0x00000027   Data   RO         1317    .constdata          image_manager.o
    0x0803094b   0x0803094b   0x00000001   PAD
    0x0803094c   0x0803094c   0x00000080   Data   RO         1368    .constdata          label.o
    0x080309cc   0x080309cc   0x00000080   Data   RO         1460    .constdata          progress_bar.o
    0x08030a4c   0x08030a4c   0x0000000c   Data   RO         1480    .constdata          rect.o
    0x08030a58   0x08030a58   0x0000000d   Data   RO         1496    .constdata          theme.o
    0x08030a65   0x08030a65   0x00000100   Data   RO         1514    .constdata          utf8.o
    0x08030b65   0x08030b65   0x00000003   PAD
    0x08030b68   0x08030b68   0x00000004   Data   RO         1515    .constdata          utf8.o
    0x08030b6c   0x08030b6c   0x0000001d   Data   RO         1530    .constdata          value.o
    0x08030b89   0x08030b89   0x00000003   PAD
    0x08030b8c   0x08030b8c   0x00000033   Data   RO         1543    .constdata          widget.o
    0x08030bbf   0x08030bbf   0x00000001   PAD
    0x08030bc0   0x08030bc0   0x00000080   Data   RO         1649    .constdata          widget_vtable.o
    0x08030c40   0x08030c40   0x00000080   Data   RO         1718    .constdata          window.o
    0x08030cc0   0x08030cc0   0x00000014   Data   RO         1821    .constdata          wstr.o
    0x08030cd4   0x08030cd4   0x00000022   Data   RO         1843    .constdata          utils.o
    0x08030cf6   0x08030cf6   0x00000013   Data   RO         1976    .constdata          event_queue.o
    0x08030d09   0x08030d09   0x00000003   PAD
    0x08030d0c   0x08030d0c   0x00000080   Data   RO         2010    .constdata          slider.o
    0x08030d8c   0x08030d8c   0x0000002c   Data   RO         2045    .constdata          system_info.o
    0x08030db8   0x08030db8   0x00000017   Data   RO         2123    .constdata          str.o
    0x08030dcf   0x08030dcf   0x00000001   PAD
    0x08030dd0   0x08030dd0   0x00000080   Data   RO         2158    .constdata          pages.o
    0x08030e50   0x08030e50   0x00000080   Data   RO         2178    .constdata          edit.o
    0x08030ed0   0x08030ed0   0x00000080   Data   RO         2205    .constdata          view.o
    0x08030f50   0x08030f50   0x0000002e   Data   RO         2238    .constdata          widget_factory.o
    0x08030f7e   0x08030f7e   0x00000002   PAD
    0x08030f80   0x08030f80   0x00000080   Data   RO         2310    .constdata          spin_box.o
    0x08031000   0x08031000   0x00000080   Data   RO         2329    .constdata          dragger.o
    0x08031080   0x08031080   0x00000080   Data   RO         2349    .constdata          dialog_client.o
    0x08031100   0x08031100   0x00000080   Data   RO         2367    .constdata          dialog_title.o
    0x08031180   0x08031180   0x00000019   Data   RO         2730    .constdata          input_method_creator.o
    0x08031199   0x08031199   0x00000003   PAD
    0x0803119c   0x0803119c   0x00000080   Data   RO         2746    .constdata          button_group.o
    0x0803121c   0x0803121c   0x00000460   Data   RO         2764    .constdata          color_parser.o
    0x0803167c   0x0803167c   0x00000098   Data   RO         2782    .constdata          combo_box.o
    0x08031714   0x08031714   0x00000080   Data   RO         2824    .constdata          combo_box_item.o
    0x08031794   0x08031794   0x0000000a   Data   RO         2856    .constdata          fs.o
    0x0803179e   0x0803179e   0x00000002   PAD
    0x080317a0   0x080317a0   0x00000080   Data   RO         2929    .constdata          popup.o
    0x08031820   0x08031820   0x00000080   Data   RO         2984    .constdata          tab_button.o
    0x080318a0   0x080318a0   0x00000080   Data   RO         3004    .constdata          tab_button_group.o
    0x08031920   0x08031920   0x00000080   Data   RO         3025    .constdata          tab_control.o
    0x080319a0   0x080319a0   0x00000004   Data   RO         3210    .constdata          ui_loader_default.o
    0x080319a4   0x080319a4   0x00000080   Data   RO         3323    .constdata          color_tile.o
    0x08031a24   0x08031a24   0x00000016   Data   RO         3343    .constdata          assets_manager.o
    0x08031a3a   0x08031a3a   0x00000013   Data   RO         3358    .constdata          locale_info.o
    0x08031a4d   0x08031a4d   0x00000003   PAD
    0x08031a50   0x08031a50   0x00000080   Data   RO         3385    .constdata          app_bar.o
    0x08031ad0   0x08031ad0   0x00000080   Data   RO         3403    .constdata          column.o
    0x08031b50   0x08031b50   0x00000080   Data   RO         3421    .constdata          grid.o
    0x08031bd0   0x08031bd0   0x00000080   Data   RO         3439    .constdata          row.o
    0x08031c50   0x08031c50   0x00000080   Data   RO         3457    .constdata          calibration_win.o
    0x08031cd0   0x08031cd0   0x00000013   Data   RO         3475    .constdata          font_loader_bitmap.o
    0x08031ce3   0x08031ce3   0x00000001   PAD
    0x08031ce4   0x08031ce4   0x00000080   Data   RO         3519    .constdata          window_base.o
    0x08031d64   0x08031d64   0x00000033   Data   RO         3566    .constdata          style_const.o
    0x08031d97   0x08031d97   0x00000001   PAD
    0x08031d98   0x08031d98   0x0000002a   Data   RO         3621    .constdata          clip_board_default.o
    0x08031dc2   0x08031dc2   0x00000002   PAD
    0x08031dc4   0x08031dc4   0x00000080   Data   RO         3655    .constdata          image_base.o
    0x08031e44   0x08031e44   0x00000080   Data   RO         3669    .constdata          grid_item.o
    0x08031ec4   0x08031ec4   0x00000026   Data   RO         3687    .constdata          input_device_status.o
    0x08031eea   0x08031eea   0x00000002   PAD
    0x08031eec   0x08031eec   0x00000100   Data   RO         3701    .constdata          system_bar.o
    0x08031fec   0x08031fec   0x0000003d   Data   RO         3721    .constdata          children_layouter_default.o
    0x08032029   0x08032029   0x00000003   PAD
    0x0803202c   0x0803202c   0x00000035   Data   RO         3742    .constdata          self_layouter_default.o
    0x08032061   0x08032061   0x0000000d   Data   RO         3832    .constdata          event.o
    0x0803206e   0x0803206e   0x00000013   Data   RO         3845    .constdata          named_value.o
    0x08032081   0x08032081   0x0000000e   Data   RO         3861    .constdata          object.o
    0x0803208f   0x0803208f   0x00000001   PAD
    0x08032090   0x08032090   0x00000058   Data   RO         3874    .constdata          object_default.o
    0x080320e8   0x080320e8   0x0000002c   Data   RO         3913    .constdata          timer_info.o
    0x08032114   0x08032114   0x00000015   Data   RO         3937    .constdata          timer_manager.o
    0x08032129   0x08032129   0x00000014   Data   RO         3952    .constdata          idle_manager.o
    0x0803213d   0x0803213d   0x00000003   PAD
    0x08032140   0x08032140   0x0000002c   Data   RO         3973    .constdata          idle_info.o
    0x0803216c   0x0803216c   0x0000001f   Data   RO         3988    .constdata          slist.o
    0x0803218b   0x0803218b   0x00000028   Data   RO         4004    .constdata          darray.o
    0x080321b3   0x080321b3   0x00000005   PAD
    0x080321b8   0x080321b8   0x00000118   Data   RO         4017    .constdata          expr_eval.o
    0x080322d0   0x080322d0   0x00000040   Data   RO         4058    .constdata          window_animator_factory.o
    0x08032310   0x08032310   0x0000001a   Data   RO         4073    .constdata          dialog_highlighter.o
    0x0803232a   0x0803232a   0x00000046   Data   RO         4086    .constdata          dialog_highlighter_factory.o
    0x08032370   0x08032370   0x00000044   Data   RO         4188    .constdata          children_layouter_factory.o
    0x080323b4   0x080323b4   0x0000003c   Data   RO         4203    .constdata          self_layouter_factory.o
    0x080323f0   0x080323f0   0x00000080   Data   RO         4218    .constdata          overlay.o
    0x08032470   0x08032470   0x0000005f   Data   RO         4250    .constdata          style_mutable.o
    0x080324cf   0x080324cf   0x0000001d   Data   RO         4303    .constdata          text_edit.o
    0x080324ec   0x080324ec   0x00000032   Data   RO         4433    .constdata          self_layouter_menu.o
    0x0803251e   0x0803251e   0x00000013   Data   RO         4451    .constdata          hscrollable.o
    0x08032531   0x08032531   0x00000003   PAD
    0x08032534   0x08032534   0x0000004c   Data   RO         4476    .constdata          native_window_raw.o
    0x08032580   0x08032580   0x00000096   Data   RO         4495    .constdata          window_manager_default.o
    0x08032616   0x08032616   0x00000002   PAD
    0x08032618   0x08032618   0x00003990   Data   RO         4627    .constdata          wordbreak.o
    0x08035fa8   0x08035fa8   0x00000030   Data   RO         4692    .constdata          linebreakdef.o
    0x08035fd8   0x08035fd8   0x00000060   Data   RO         4693    .constdata          linebreakdef.o
    0x08036038   0x08036038   0x00000060   Data   RO         4694    .constdata          linebreakdef.o
    0x08036098   0x08036098   0x00000060   Data   RO         4695    .constdata          linebreakdef.o
    0x080360f8   0x080360f8   0x00000030   Data   RO         4696    .constdata          linebreakdef.o
    0x08036128   0x08036128   0x0000003c   Data   RO         4697    .constdata          linebreakdef.o
    0x08036164   0x08036164   0x00000054   Data   RO         4698    .constdata          linebreakdef.o
    0x080361b8   0x080361b8   0x00006ab0   Data   RO         4715    .constdata          linebreakdata.o
    0x0803cc68   0x0803cc68   0x00000441   Data   RO         4729    .constdata          linebreak.o
    0x0803d0a9   0x0803d0a9   0x00000003   PAD
    0x0803d0ac   0x0803d0ac   0x00000760   Data   RO         4780    .constdata          emojidef.o
    0x0803d80c   0x0803d80c   0x0000004e   Data   RO         4807    .constdata          graphic_buffer_default.o
    0x0803d85a   0x0803d85a   0x00000010   Data   RO         5044    .constdata          mutex.o
    0x0803d86a   0x0803d86a   0x00000011   Data   RO         5154    .constdata          thread.o
    0x0803d87b   0x0803d87b   0x00000005   PAD
    0x0803d880   0x0803d880   0x00027c48   Data   RO         5243    .constdata          assets-mini.o
    0x080654c8   0x080654c8   0x000000c9   Data   RO         5311    .constdata          device.o
    0x08065591   0x08065591   0x00000016   Data   RO         5325    .constdata          idle_1.o
    0x080655a7   0x080655a7   0x000001fc   Data   RO         5343    .constdata          ipc.o
    0x080657a3   0x080657a3   0x00000122   Data   RO         5380    .constdata          kservice.o
    0x080658c5   0x080658c5   0x0000003c   Data   RO         5400    .constdata          mem_1.o
    0x08065901   0x08065901   0x00000080   Data   RO         5440    .constdata          object_1.o
    0x08065981   0x08065981   0x0000004e   Data   RO         5460    .constdata          scheduler.o
    0x080659cf   0x080659cf   0x000000b9   Data   RO         5498    .constdata          thread_1.o
    0x08065a88   0x08065a88   0x0000005c   Data   RO         5518    .constdata          timer_1.o
    0x08065ae4   0x08065ae4   0x00000013   Data   RO         5537    .constdata          cpuport.o
    0x08065af7   0x08065af7   0x00000011   Data   RO         5601    .constdata          c_w.l(__printf_flags_ss_wp.o)
    0x08065b08   0x08065b08   0x00000050   Data   RO         5743    .constdata          m_ws.l(acos.o)
    0x08065b58   0x08065b58   0x00000050   Data   RO         5753    .constdata          m_ws.l(asin.o)
    0x08065ba8   0x08065ba8   0x00000098   Data   RO         5763    .constdata          m_ws.l(atan.o)
    0x08065c40   0x08065c40   0x00000058   Data   RO         5789    .constdata          m_ws.l(exp.o)
    0x08065c98   0x08065c98   0x00000038   Data   RO         5803    .constdata          m_ws.l(log.o)
    0x08065cd0   0x08065cd0   0x00000008   Data   RO         5893    .constdata          c_w.l(_printf_wctomb.o)
    0x08065cd8   0x08065cd8   0x00000028   Data   RO         5922    .constdata          c_w.l(_printf_hex_int_ll_ptr.o)
    0x08065d00   0x08065d00   0x00000030   Data   RO         5999    .constdata          m_ws.l(cos_i.o)
    0x08065d30   0x08065d30   0x00000008   Data   RO         6019    .constdata          m_ws.l(qnan.o)
    0x08065d38   0x08065d38   0x000000c8   Data   RO         6022    .constdata          m_ws.l(rred.o)
    0x08065e00   0x08065e00   0x00000028   Data   RO         6026    .constdata          m_ws.l(sin_i.o)
    0x08065e28   0x08065e28   0x00000060   Data   RO         6032    .constdata          m_ws.l(tan_i.o)
    0x08065e88   0x08065e88   0x00000026   Data   RO         6066    .constdata          c_w.l(_printf_fp_hex.o)
    0x08065eae   0x08065eae   0x00000002   PAD
    0x08065eb0   0x08065eb0   0x00000094   Data   RO         6145    .constdata          c_w.l(bigflt0.o)
    0x08065f44   0x08065f44   0x00000007   Data   RO          719    .conststring        button_1.o
    0x08065f4b   0x08065f4b   0x00000001   PAD
    0x08065f4c   0x08065f4c   0x00000007   Data   RO          720    .conststring        button_1.o
    0x08065f53   0x08065f53   0x00000001   PAD
    0x08065f54   0x08065f54   0x00000006   Data   RO          955    .conststring        check_button.o
    0x08065f5a   0x08065f5a   0x00000002   PAD
    0x08065f5c   0x08065f5c   0x0000001d   Data   RO          956    .conststring        check_button.o
    0x08065f79   0x08065f79   0x00000003   PAD
    0x08065f7c   0x08065f7c   0x0000005c   Data   RO          988    .conststring        dialog.o
    0x08065fd8   0x08065fd8   0x00000007   Data   RO          989    .conststring        dialog.o
    0x08065fdf   0x08065fdf   0x00000001   PAD
    0x08065fe0   0x08065fe0   0x00000556   Data   RO         1159    .conststring        enums.o
    0x08066536   0x08066536   0x00000002   PAD
    0x08066538   0x08066538   0x0000000a   Data   RO         1277    .conststring        group_box.o
    0x08066542   0x08066542   0x00000002   PAD
    0x08066544   0x08066544   0x00000055   Data   RO         1295    .conststring        image.o
    0x08066599   0x08066599   0x00000003   PAD
    0x0806659c   0x0806659c   0x00000006   Data   RO         1369    .conststring        label.o
    0x080665a2   0x080665a2   0x00000002   PAD
    0x080665a4   0x080665a4   0x0000001c   Data   RO         1461    .conststring        progress_bar.o
    0x080665c0   0x080665c0   0x0000000d   Data   RO         1462    .conststring        progress_bar.o
    0x080665cd   0x080665cd   0x00000003   PAD
    0x080665d0   0x080665d0   0x000000d4   Data   RO         1544    .conststring        widget.o
    0x080666a4   0x080666a4   0x00000007   Data   RO         1650    .conststring        widget_vtable.o
    0x080666ab   0x080666ab   0x00000001   PAD
    0x080666ac   0x080666ac   0x0000000b   Data   RO         1719    .conststring        window.o
    0x080666b7   0x080666b7   0x00000001   PAD
    0x080666b8   0x080666b8   0x00000007   Data   RO         1720    .conststring        window.o
    0x080666bf   0x080666bf   0x00000001   PAD
    0x080666c0   0x080666c0   0x00000009   Data   RO         2011    .conststring        slider.o
    0x080666c9   0x080666c9   0x00000003   PAD
    0x080666cc   0x080666cc   0x00000007   Data   RO         2012    .conststring        slider.o
    0x080666d3   0x080666d3   0x00000001   PAD
    0x080666d4   0x080666d4   0x0000000c   Data   RO         2046    .conststring        system_info.o
    0x080666e0   0x080666e0   0x00000006   Data   RO         2160    .conststring        pages.o
    0x080666e6   0x080666e6   0x00000002   PAD
    0x080666e8   0x080666e8   0x0000007d   Data   RO         2179    .conststring        edit.o
    0x08066765   0x08066765   0x00000003   PAD
    0x08066768   0x08066768   0x00000005   Data   RO         2180    .conststring        edit.o
    0x0806676d   0x0806676d   0x00000003   PAD
    0x08066770   0x08066770   0x00000005   Data   RO         2206    .conststring        view.o
    0x08066775   0x08066775   0x00000003   PAD
    0x08066778   0x08066778   0x00000009   Data   RO         2311    .conststring        spin_box.o
    0x08066781   0x08066781   0x00000003   PAD
    0x08066784   0x08066784   0x0000001e   Data   RO         2330    .conststring        dragger.o
    0x080667a2   0x080667a2   0x00000002   PAD
    0x080667a4   0x080667a4   0x00000008   Data   RO         2331    .conststring        dragger.o
    0x080667ac   0x080667ac   0x0000000e   Data   RO         2350    .conststring        dialog_client.o
    0x080667ba   0x080667ba   0x00000002   PAD
    0x080667bc   0x080667bc   0x0000000d   Data   RO         2368    .conststring        dialog_title.o
    0x080667c9   0x080667c9   0x00000003   PAD
    0x080667cc   0x080667cc   0x00000a61   Data   RO         2765    .conststring        color_parser.o
    0x0806722d   0x0806722d   0x00000003   PAD
    0x08067230   0x08067230   0x00000043   Data   RO         2783    .conststring        combo_box.o
    0x08067273   0x08067273   0x00000001   PAD
    0x08067274   0x08067274   0x0000000a   Data   RO         2784    .conststring        combo_box.o
    0x0806727e   0x0806727e   0x00000002   PAD
    0x08067280   0x08067280   0x0000000f   Data   RO         2825    .conststring        combo_box_item.o
    0x0806728f   0x0806728f   0x00000001   PAD
    0x08067290   0x08067290   0x0000002d   Data   RO         2930    .conststring        popup.o
    0x080672bd   0x080672bd   0x00000003   PAD
    0x080672c0   0x080672c0   0x00000006   Data   RO         2931    .conststring        popup.o
    0x080672c6   0x080672c6   0x00000002   PAD
    0x080672c8   0x080672c8   0x0000000b   Data   RO         2986    .conststring        tab_button.o
    0x080672d3   0x080672d3   0x00000001   PAD
    0x080672d4   0x080672d4   0x00000011   Data   RO         3005    .conststring        tab_button_group.o
    0x080672e5   0x080672e5   0x00000003   PAD
    0x080672e8   0x080672e8   0x0000000c   Data   RO         3026    .conststring        tab_control.o
    0x080672f4   0x080672f4   0x00000019   Data   RO         3324    .conststring        color_tile.o
    0x0806730d   0x0806730d   0x00000003   PAD
    0x08067310   0x08067310   0x0000000b   Data   RO         3325    .conststring        color_tile.o
    0x0806731b   0x0806731b   0x00000001   PAD
    0x0806731c   0x0806731c   0x00000008   Data   RO         3386    .conststring        app_bar.o
    0x08067324   0x08067324   0x00000007   Data   RO         3404    .conststring        column.o
    0x0806732b   0x0806732b   0x00000001   PAD
    0x0806732c   0x0806732c   0x00000004   Data   RO         3422    .conststring        grid.o
    0x08067330   0x08067330   0x00000010   Data   RO         3458    .conststring        calibration_win.o
    0x08067340   0x08067340   0x0000001f   Data   RO         3703    .conststring        system_bar.o
    0x0806735f   0x0806735f   0x00000001   PAD
    0x08067360   0x08067360   0x0000000f   Data   RO         3875    .conststring        object_default.o
    0x0806736f   0x0806736f   0x00000001   PAD
    0x08067370   0x08067370   0x0000000b   Data   RO         3914    .conststring        timer_info.o
    0x0806737b   0x0806737b   0x00000001   PAD
    0x0806737c   0x0806737c   0x0000000a   Data   RO         3974    .conststring        idle_info.o
    0x08067386   0x08067386   0x00000002   PAD
    0x08067388   0x08067388   0x0000016f   Data   RO         4018    .conststring        expr_eval.o
    0x080674f7   0x080674f7   0x00000001   PAD
    0x080674f8   0x080674f8   0x00000008   Data   RO         4220    .conststring        overlay.o
    0x08067500   0x08067500   0x00000005   Data   RO         4434    .conststring        self_layouter_menu.o
    0x08067505   0x08067505   0x00000003   PAD
    0x08067508   0x08067508   0x00000012   Data   RO         4477    .conststring        native_window_raw.o
    0x0806751a   0x0806751a   0x00000002   PAD
    0x0806751c   0x0806751c   0x0000000f   Data   RO         4496    .conststring        window_manager_default.o
    0x0806752b   0x0806752b   0x00000001   PAD
    0x0806752c   0x0806752c   0x00000017   Data   RO         4699    .conststring        linebreakdef.o
    0x08067543   0x08067543   0x00000001   PAD
    0x08067544   0x08067544   0x0000015a   Data   RO         5344    .conststring        ipc.o
    0x0806769e   0x0806769e   0x00000002   PAD
    0x080676a0   0x080676a0   0x000000eb   Data   RO         5401    .conststring        mem_1.o
    0x0806778b   0x0806778b   0x00000001   PAD
    0x0806778c   0x0806778c   0x00000042   Data   RO         5499    .conststring        thread_1.o
    0x080677ce   0x080677ce   0x00000002   PAD
    0x080677d0   0x080677d0   0x00000020   Data   RO         6298    Region$$Table       anon$$obj.o
    0x080677f0   0x080677f0   0x00000008   Data   RO         6183    c$$dinf             fz_ws.l(fpconst.o)
    0x080677f8   0x080677f8   0x00000008   Data   RO         6186    c$$dmax             fz_ws.l(fpconst.o)
    0x08067800   0x08067800   0x00000110   Data   RO         5966    locale$$data        c_w.l(lc_ctype_c.o)
    0x08067910   0x08067910   0x0000001c   Data   RO         6090    locale$$data        c_w.l(lc_numeric_c.o)


    Execution Region RW_IRAM1 (Exec base: 0x20000000, Load base: 0x0806792c, Size: 0x0000c158, Max: 0x00010000, ABSOLUTE, COMPRESSED[0x000001a4])

    Exec Addr    Load Addr    Size         Type   Attr      Idx    E Section Name        Object

    0x20000000   COMPRESSED   0x00000014   Data   RW          105    .data               system_stm32f10x.o
    0x20000014   COMPRESSED   0x00000002   Data   RW          255    .data               usart.o
    0x20000016   COMPRESSED   0x00000002   PAD
    0x20000018   COMPRESSED   0x00000004   Data   RW          256    .data               usart.o
    0x2000001c   COMPRESSED   0x00000014   Data   RW          320    .data               stm32f10x_rcc.o
    0x20000030   COMPRESSED   0x00000001   Data   RW          490    .data               led.o
    0x20000031   COMPRESSED   0x00000001   Data   RW          518    .data               button.o
    0x20000032   COMPRESSED   0x00000004   Data   RW          531    .data               tim.o
    0x20000036   COMPRESSED   0x00000004   Data   RW          552    .data               rtc.o
    0x2000003a   COMPRESSED   0x00000008   Data   RW          576    .data               touch.o
    0x20000042   COMPRESSED   0x00000002   PAD
    0x20000044   COMPRESSED   0x00000008   Data   RW          721    .data               button_1.o
    0x2000004c   COMPRESSED   0x00000008   Data   RW          957    .data               check_button.o
    0x20000054   COMPRESSED   0x0000001c   Data   RW          990    .data               dialog.o
    0x20000070   COMPRESSED   0x00000004   Data   RW         1208    .data               font_manager.o
    0x20000074   COMPRESSED   0x00000028   Data   RW         1297    .data               image.o
    0x2000009c   COMPRESSED   0x00000004   Data   RW         1318    .data               image_manager.o
    0x200000a0   COMPRESSED   0x00000004   Data   RW         1422    .data               main_loop.o
    0x200000a4   COMPRESSED   0x00000008   Data   RW         1446    .data               mem.o
    0x200000ac   COMPRESSED   0x00000014   Data   RW         1463    .data               progress_bar.o
    0x200000c0   COMPRESSED   0x00000004   Data   RW         1497    .data               theme.o
    0x200000c4   COMPRESSED   0x00000040   Data   RW         1545    .data               widget.o
    0x20000104   COMPRESSED   0x00000020   Data   RW         1721    .data               window.o
    0x20000124   COMPRESSED   0x00000004   Data   RW         1738    .data               window_manager.o
    0x20000128   COMPRESSED   0x00000018   Data   RW         2013    .data               slider.o
    0x20000140   COMPRESSED   0x00000004   Data   RW         2047    .data               system_info.o
    0x20000144   COMPRESSED   0x00000008   Data   RW         2161    .data               pages.o
    0x2000014c   COMPRESSED   0x00000038   Data   RW         2181    .data               edit.o
    0x20000184   COMPRESSED   0x00000004   Data   RW         2239    .data               widget_factory.o
    0x20000188   COMPRESSED   0x00000004   Data   RW         2268    .data               input_method.o
    0x2000018c   COMPRESSED   0x00000014   Data   RW         2332    .data               dragger.o
    0x200001a0   COMPRESSED   0x00000048   Data   RW         2785    .data               combo_box.o
    0x200001e8   COMPRESSED   0x00000002   Data   RW         2891    .data               line_break.o
    0x200001ea   COMPRESSED   0x00000002   PAD
    0x200001ec   COMPRESSED   0x00000024   Data   RW         2932    .data               popup.o
    0x20000210   COMPRESSED   0x00000008   Data   RW         2987    .data               tab_button.o
    0x20000218   COMPRESSED   0x0000000c   Data   RW         3326    .data               color_tile.o
    0x20000224   COMPRESSED   0x00000004   Data   RW         3344    .data               assets_manager.o
    0x20000228   COMPRESSED   0x00000004   Data   RW         3359    .data               locale_info.o
    0x2000022c   COMPRESSED   0x00000008   Data   RW         3476    .data               font_loader_bitmap.o
    0x20000234   COMPRESSED   0x00000004   Data   RW         3583    .data               style_factory.o
    0x20000238   COMPRESSED   0x00000004   Data   RW         3638    .data               clip_board.o
    0x2000023c   COMPRESSED   0x00000008   Data   RW         3704    .data               system_bar.o
    0x20000244   COMPRESSED   0x00000004   Data   RW         3938    .data               timer_manager.o
    0x20000248   COMPRESSED   0x00000004   Data   RW         3953    .data               idle_manager.o
    0x2000024c   COMPRESSED   0x00000004   Data   RW         4059    .data               window_animator_factory.o
    0x20000250   COMPRESSED   0x00000004   Data   RW         4087    .data               dialog_highlighter_factory.o
    0x20000254   COMPRESSED   0x00000004   Data   RW         4189    .data               children_layouter_factory.o
    0x20000258   COMPRESSED   0x00000004   Data   RW         4204    .data               self_layouter_factory.o
    0x2000025c   COMPRESSED   0x00000010   Data   RW         4221    .data               overlay.o
    0x2000026c   COMPRESSED   0x00000004   Data   RW         4478    .data               native_window_raw.o
    0x20000270   COMPRESSED   0x0000004c   Data   RW         4497    .data               window_manager_default.o
    0x200002bc   COMPRESSED   0x00000008   Data   RW         4610    .data               ui_feedback.o
    0x200002c4   COMPRESSED   0x00000140   Data   RW         4730    .data               linebreak.o
    0x20000404   COMPRESSED   0x00000001   Data   RW         5018    .data               platform.o
    0x20000405   COMPRESSED   0x00000003   PAD
    0x20000408   COMPRESSED   0x00000008   Data   RW         5140    .data               sys_tick.o
    0x20000410   COMPRESSED   0x00000001   Data   RW         5180    .data               rtos.o
    0x20000411   COMPRESSED   0x00000003   PAD
    0x20000414   COMPRESSED   0x00000004   Data   RW         5291    .data               clock.o
    0x20000418   COMPRESSED   0x0000000c   Data   RW         5364    .data               irq.o
    0x20000424   COMPRESSED   0x0000000c   Data   RW         5381    .data               kservice.o
    0x20000430   COMPRESSED   0x00000020   Data   RW         5402    .data               mem_1.o
    0x20000450   COMPRESSED   0x000000a4   Data   RW         5441    .data               object_1.o
    0x200004f4   COMPRESSED   0x00000018   Data   RW         5461    .data               scheduler.o
    0x2000050c   COMPRESSED   0x0000000c   Data   RW         5500    .data               thread_1.o
    0x20000518   COMPRESSED   0x00000014   Data   RW         5519    .data               timer_1.o
    0x2000052c   COMPRESSED   0x00000004   Data   RW         5538    .data               cpuport.o
    0x20000530   COMPRESSED   0x00000004   Data   RW         5539    .data               cpuport.o
    0x20000534   COMPRESSED   0x00000004   Data   RW         5540    .data               cpuport.o
    0x20000538   COMPRESSED   0x00000004   Data   RW         5541    .data               cpuport.o
    0x2000053c        -       0x000000c8   Zero   RW          254    .bss                usart.o
    0x20000604        -       0x0000000a   Zero   RW          550    .bss                rtc.o
    0x2000060e   COMPRESSED   0x00000002   PAD
    0x20000610        -       0x0000000c   Zero   RW          575    .bss                touch.o
    0x2000061c        -       0x00001000   Zero   RW          630    .bss                flash.o
    0x2000161c        -       0x00000014   Zero   RW         1445    .bss                mem.o
    0x20001630        -       0x00000014   Zero   RW         2091    .bss                image_loader.o
    0x20001644        -       0x0000005c   Zero   RW         2139    .bss                main_loop_simple.o
    0x200016a0        -       0x00000024   Zero   RW         3178    .bss                ui_builder_default.o
    0x200016c4        -       0x00004100   Zero   RW         4821    .bss                lcd_stm32_raw.o
    0x200057c4        -       0x00004000   Zero   RW         5017    .bss                platform.o
    0x200097c4        -       0x00002000   Zero   RW         5179    .bss                rtos.o
    0x2000b7c4        -       0x00000190   Zero   RW         5324    .bss                idle_1.o
    0x2000b954        -       0x00000080   Zero   RW         5379    .bss                kservice.o
    0x2000b9d4        -       0x00000020   Zero   RW         5399    .bss                mem_1.o
    0x2000b9f4        -       0x00000100   Zero   RW         5459    .bss                scheduler.o
    0x2000baf4        -       0x00000060   Zero   RW         6038    .bss                c_w.l(libspace.o)
    0x2000bb54   COMPRESSED   0x00000004   PAD
    0x2000bb58        -       0x00000200   Zero   RW          289    HEAP                startup_stm32f10x_hd.o
    0x2000bd58        -       0x00000400   Zero   RW          288    STACK               startup_stm32f10x_hd.o


==============================================================================

Image component sizes


      Code (inc. data)   RO Data    RW Data    ZI Data      Debug   Object Name

        48          4        136          0          0       1426   app_bar.o
       412        132     162888          0          0      11703   assets-mini.o
       888         46         22          4          0       8931   assets_manager.o
       892         20          0          0          0      51303   awtk_global.o
      2032         32         71          0          0      27860   bitmap.o
       996         10         24          0          0      10243   buffer.o
       264         12          0          1          0        910   button.o
       928         64        142          8          0      60199   button_1.o
        56          4        128          0          0       1640   button_group.o
       708         24        144          0          0       5531   calibration_win.o
      7864         38          0          0          0      61567   canvas.o
       820         54        291          8          0       5633   check_button.o
       232          0          0          0          0       4526   children_layouter.o
        32         14          0          0          0       1890   children_layouter_builtins.o
      2148        196         61          0          0       7463   children_layouter_default.o
       236         18         68          4          0       3810   children_layouter_factory.o
       288         14          0          0          0       4489   children_layouter_parser.o
       196          8          0          4          0       3692   clip_board.o
       124          8         42          0          0       3500   clip_board_default.o
       120          4          0          4          0       1496   clock.o
       344         70         13          0          0       3164   color.o
       644        102       3777          0          0       3885   color_parser.o
       652         56        164         12          0       4717   color_tile.o
        48          4        135          0          0       1388   column.o
      2540        240        229         72          0      19003   combo_box.o
       740         62        143          0          0       5156   combo_box_item.o
       244         26          0          0          0        744   context_rvds.o
         0          0          0          0          0         32   core_cm3.o
       632        358         19         16          0       3339   cpuport.o
       884         12         40          0          0       7767   darray.o
      1344        270          0          0          0       3815   demo1_app.o
        28          0          0          0          0        552   demo_main.o
      1330        274        201          0          0       6014   device.o
       644         60        227         28          0      56454   dialog.o
       100         22        142          0          0       1762   dialog_client.o
      1304        386          0          0          0       5286   dialog_helper.o
       332          6         26          0          0       3017   dialog_highlighter.o
       300         20         70          4          0       4679   dialog_highlighter_factory.o
        84         14        141          0          0       1808   dialog_title.o
       872         62        166         20          0       5084   dragger.o
      5940        324        258         56          0      25542   edit.o
       932         20         35          0          0      10695   emitter.o
        56          4       1888          0          0       1134   emojidef.o
       256         14       3718          0          0       9351   enums.o
       120          4         13          0          0       2046   event.o
       272          6         19          0          0       5580   event_queue.o
       560          0          0          0          0      33241   events.o
      4728        106        647          0          0      23978   expr_eval.o
       904         14          0          0       4096       3653   flash.o
       160          6         13          0          0       5866   font.o
        26          0          0          0          0       1495   font_loader.o
       352         40         19          8          0       5937   font_loader_bitmap.o
       404         18         20          4          0      29870   font_manager.o
       652         12         10          0          0       8963   fs.o
         4          0          0          0          0        436   fs_os.o
       268         16          0          0          0       3423   func_call_parser.o
         0          0          0          0          0        964   glyph_cache.o
        72          0          0          0          0       1450   graphic_buffer.o
       288          4         78          0          0       3747   graphic_buffer_default.o
        48          4        132          0          0       1364   grid.o
        48          4        128          0          0       1414   grid_item.o
        56          4        138          0          0       1598   group_box.o
       908         12       2376          0          0       5567   gui.o
      1392         98         19          0          0       7871   hscrollable.o
       138          0          0          0          0       2281   idle.o
       464         74         22          0        400       5792   idle_1.o
       116          6         54          0          0       2305   idle_info.o
       376         16         20          4          0       5819   idle_manager.o
       512         18        213         40          0       4950   image.o
      1444        126        128          0          0       7216   image_base.o
       152          6          0          0         20       8926   image_loader.o
      1000         48         39          4          0      23380   image_manager.o
       856          4         38          0          0       3778   input_device_status.o
       116          0          0          0          0       1090   input_engine.o
         0          0          0          0          0        616   input_engine_null.o
       568          8          0          4          0       5730   input_method.o
        92         14         25          0          0       1615   input_method_creator.o
      7160        940        854          0          0      25215   ipc.o
       100          6          0         12          0       1876   irq.o
      2236        222        290         12        128      13312   kservice.o
       968         44        134          0          0       8477   label.o
       500         56          0          0          0       5160   layout.o
       832          0          0          0          0      23029   lcd.o
       688         18          0          0          0       2120   lcd_driver.o
         2          0          0          0          0      12701   lcd_profile.o
      2372         44          0          0      16640      28369   lcd_stm32_raw.o
       144         10          0          1          0        731   led.o
       128         10          0          2          0       1651   line_break.o
       992         72       1089        320          0       7918   linebreak.o
         0          0      27312          0          0       1745   linebreakdata.o
         0          0        551          0          0       1989   linebreakdef.o
       552         26         19          4          0       5373   locale_info.o
       168         10          0          0          0     214730   main.o
       196          6          0          4          0       4747   main_loop.o
       708         18          0          0         92       5345   main_loop_simple.o
       184         18          0          0          0      48093   main_loop_stm32_raw.o
       676         10          0          8         20       6259   mem.o
      1748        490        295         32         32       5234   mem_1.o
       184         12          0          0          0       1921   misc.o
       140          4         16          0          0      15489   mutex.o
       236          6         19          0          0       3303   named_value.o
       586          0          0          0          0       5735   native_window.o
       248         26         94          4          0       3863   native_window_raw.o
      1788         16         14          0          0      15156   object.o
       880        156        128        164          0       8591   object_1.o
      1078          4        103          0          0      15266   object_default.o
        48          4        136         16          0       1494   overlay.o
       504         20        134          8          0       4640   pages.o
       740          4          0          0          0       5066   path.o
       104         16          0          1      16384       1228   platform.o
       548         54        179         36          0       4048   popup.o
      1110         80        169         20          0       6478   progress_bar.o
       760          8         12          0          0       5192   rect.o
        48          4        128          0          0       1354   row.o
      1040         58         24          4         10       4575   rtc.o
       104         10          0          1       8192       1604   rtos.o
       788        122         78         24        256       7261   scheduler.o
       212          0          0          0          0       4623   self_layouter.o
        56         24          0          0          0       1454   self_layouter_builtins.o
      1492        194         53          0          0       5904   self_layouter_default.o
       236         18         60          4          0       3722   self_layouter_factory.o
      1064          6         55          0          0       7281   self_layouter_menu.o
       136         10          0          0          0       3431   self_layouter_parser.o
      3288        160        144         24          0      11895   slider.o
       504         12         31          0          0       5846   slist.o
       456         18          0          0          0       1828   spi.o
       300         68        137          0          0       2185   spin_box.o
        64         26        304          0       1536        788   startup_stm32f10x_hd.o
       156          8          0          0          0       3424   stm32f10x_bkp.o
      1206         10          0          0          0       5999   stm32f10x_fsmc.o
       664         36          0          0          0       6209   stm32f10x_gpio.o
        12          0          0          0          0      63637   stm32f10x_it.o
       172         12          0          0          0       1951   stm32f10x_pwr.o
       756         32          0         20          0       9328   stm32f10x_rcc.o
       276          6          0          0          0       2790   stm32f10x_rtc.o
       692         12          0          0          0       7142   stm32f10x_spi.o
      3114         84          0          0          0      25100   stm32f10x_tim.o
       924         20          0          0          0       9164   stm32f10x_usart.o
      2204         64         23          0          0      14286   str.o
       700        130          0          0          0       5850   style.o
       384         76         51          0          0       4284   style_const.o
        36          6          0          4          0       4033   style_factory.o
      1348         38         95          0          0      13228   style_mutable.o
        44          6          0          8          0       1471   sys_tick.o
       380         42        287          8          0       3713   system_bar.o
      1156        198         56          4          0      25675   system_info.o
       372         34          0         20          0       1747   system_stm32f10x.o
      1116         92        139          8          0       7156   tab_button.o
      1360         80        145          0          0      10309   tab_button_group.o
        56          4        140          0          0       1622   tab_control.o
      7874        242         29          0          0      81409   text_edit.o
       484         16         13          4          0       4297   theme.o
       288         10         17          0          0       7866   thread.o
      1916        388        251         12          0      10785   thread_1.o
       472         20          0          4          0       1941   tim.o
        22          0          0          0          0        585   time_now.o
       252          0          0          0          0       3319   timer.o
      1296        234         92         20          0       9219   timer_1.o
       132          6         55          0          0       3933   timer_info.o
       568         18         21          4          0       5815   timer_manager.o
       528          6          0          0          0       4539   tokenizer.o
       896         34          0          8         12       4314   touch.o
         0          0          0          0          0        960   ui_binary_writer.o
       102          0          0          0          0       2648   ui_builder.o
       240         24          0          0         36       2777   ui_builder_default.o
        52          4          0          8          0       1799   ui_feedback.o
        96          0          0          0          0       1971   ui_loader.o
       264         10          4          0          0       2875   ui_loader_default.o
       260          0          0          0          0       2154   unibreakdef.o
       264         16          0          6        200       3178   usart.o
       592          4        260          0          0       5557   utf8.o
      1880         58         34          0          0      20336   utils.o
      2044         74         29          0          0      15056   value.o
       428          8          0          0          0       2773   velocity.o
      2118          4          0          0          0      32696   vgcanvas.o
        48          4        133          0          0       1364   view.o
     16088       1134        263         64          0     110847   widget.o
       312         16         46          4          0       4294   widget_factory.o
       764         62        135          0          0      35487   widget_vtable.o
       876        524          0          0          0       1766   widgets.o
       244         18        146         32          0       3082   window.o
       252         16         64          4          0       4411   window_animator_factory.o
      1714        224        128          0          0       7221   window_base.o
      1656         38          0          4          0      48974   window_manager.o
      4236        176        165         76          0      26560   window_manager_default.o
       172         10          0          0          0       2676   window_open.o
      1096         36      14736          0          0       7474   wordbreak.o
      1708         22         20          0          0      15623   wstr.o

    ----------------------------------------------------------------------
    165114      11362     229881       1340      48056    2000155   Object Totals
         0          0         32          0          0          0   (incl. Generated)
        26          0        150         12          2          0   (incl. Padding)

    ----------------------------------------------------------------------

      Code (inc. data)   RO Data    RW Data    ZI Data      Debug   Library Member Name

        24          4          0          0          0         84   __2printf.o
        90          0          0          0          0          0   __dczerorl2.o
         8          0          0          0          0         68   __main.o
       392          4         17          0          0         92   __printf_flags_ss_wp.o
        14          0          0          0          0         68   __printf_wp.o
         0          0          0          0          0          0   __rtentry.o
        12          0          0          0          0          0   __rtentry2.o
         6          0          0          0          0          0   __rtentry4.o
        52          8          0          0          0          0   __scatter.o
        28          0          0          0          0          0   __scatter_zi.o
        28          0          0          0          0         68   _chval.o
        12          0          0          0          0         76   _iswspace.o
        60          0          0          0          0         92   _mbrtowc.o
         6          0          0          0          0          0   _printf_a.o
         6          0          0          0          0          0   _printf_c.o
        44          0          0          0          0        108   _printf_char.o
        48          6          0          0          0         96   _printf_char_common.o
        36          4          0          0          0         80   _printf_char_file.o
        40          0          0          0          0         68   _printf_charcount.o
         6          0          0          0          0          0   _printf_d.o
       120         16          0          0          0         92   _printf_dec.o
         6          0          0          0          0          0   _printf_e.o
         6          0          0          0          0          0   _printf_f.o
      1054          0          0          0          0        216   _printf_fp_dec.o
       764          8         38          0          0        100   _printf_fp_hex.o
       128         16          0          0          0         84   _printf_fp_infnan.o
         6          0          0          0          0          0   _printf_g.o
       148          4         40          0          0        160   _printf_hex_int_ll_ptr.o
         6          0          0          0          0          0   _printf_i.o
       178          0          0          0          0         88   _printf_intcommon.o
        10          0          0          0          0          0   _printf_l.o
         6          0          0          0          0          0   _printf_lc.o
        10          0          0          0          0          0   _printf_ll.o
         6          0          0          0          0          0   _printf_lld.o
         6          0          0          0          0          0   _printf_lli.o
         6          0          0          0          0          0   _printf_llo.o
         6          0          0          0          0          0   _printf_llu.o
         6          0          0          0          0          0   _printf_llx.o
       124         16          0          0          0         92   _printf_longlong_dec.o
         6          0          0          0          0          0   _printf_ls.o
         6          0          0          0          0          0   _printf_n.o
         6          0          0          0          0          0   _printf_o.o
       112         10          0          0          0        124   _printf_oct_int_ll.o
         6          0          0          0          0          0   _printf_p.o
        78          0          0          0          0        108   _printf_pad.o
         0          0          0          0          0          0   _printf_percent.o
         4          0          0          0          0          0   _printf_percent_end.o
         6          0          0          0          0          0   _printf_s.o
        82          0          0          0          0         80   _printf_str.o
        36          0          0          0          0         84   _printf_truncate.o
         6          0          0          0          0          0   _printf_u.o
        44          0          0          0          0        108   _printf_wchar.o
       188          6          8          0          0         92   _printf_wctomb.o
         6          0          0          0          0          0   _printf_x.o
        22          0          0          0          0        100   _rserrno.o
       884          6          0          0          0        100   _scanf.o
       332          0          0          0          0         96   _scanf_int.o
       342          0          0          0          0        100   _scanf_longlong.o
       276          0          0          0          0        100   _scanf_mbtowc.o
       224          0          0          0          0         96   _scanf_str.o
        30          0          0          0          0         76   _scanf_wcharmap.o
       232          0          0          0          0        100   _scanf_wctomb.o
       208          0          0          0          0         96   _scanf_wstr.o
        64          0          0          0          0         84   _sgetc.o
        16          0          0          0          0         68   _snputc.o
        10          0          0          0          0         68   _sputc.o
       158          0          0          0          0         92   _strtoul.o
        64          0          0          0          0         92   _wcrtomb.o
       228          4        148          0          0         96   bigflt0.o
        80          0          0          0          0         88   bsearchnoex.o
      2152        136          0          0          0        960   btod.o
        18          0          0          0          0         80   exit.o
         8          0          0          0          0         68   ferror.o
         6          0          0          0          0        152   heapauxi.o
        18          0          0          0          0         76   isspace.o
         4          0          0          0          0         68   iswspace.o
        44         10        272          0          0         76   lc_ctype_c.o
        44         10         28          0          0         76   lc_numeric_c.o
         2          0          0          0          0          0   libinit.o
        30          0          0          0          0          0   libinit2.o
         2          0          0          0          0          0   libshutdown.o
         2          0          0          0          0          0   libshutdown2.o
         8          4          0          0         96         68   libspace.o
        38          0          0          0          0         68   llshl.o
       138          0          0          0          0         80   lludiv10.o
       238          0          0          0          0        100   lludivv7m.o
        88          0          0          0          0         76   memcmp.o
        16          4          0          0          0         76   rt_ctype_table.o
         8          4          0          0          0         68   rt_errno_addr_intlibspace.o
         8          4          0          0          0         68   rt_locale_intlibspace.o
        68          0          0          0          0         68   rt_memclr.o
        78          0          0          0          0         80   rt_memclr_w.o
       138          0          0          0          0         68   rt_memcpy_v6.o
       100          0          0          0          0         80   rt_memcpy_w.o
       132          0          0          0          0         68   rt_memmove_v6.o
       122          0          0          0          0         80   rt_memmove_w.o
         2          0          0          0          0          0   rtexit.o
        10          0          0          0          0          0   rtexit2.o
        44          8          0          0          0         84   scanf_char.o
      1272         16          0          0          0        168   scanf_fp.o
       800         14          0          0          0        100   scanf_hexfp.o
       308         16          0          0          0        100   scanf_infnan.o
        42          0          0          0          0         84   strcasecmp.o
        20          0          0          0          0         68   strchr.o
       128          0          0          0          0         68   strcmpv7m.o
        72          0          0          0          0         80   strcpy.o
        62          0          0          0          0         76   strlen.o
       150          0          0          0          0         80   strncmp.o
        86          0          0          0          0         76   strncpy.o
        22          0          0          0          0         68   strrchr.o
        36          0          0          0          0         80   strstr.o
       164         14          0          0          0        120   strtod.o
       112          0          0          0          0         88   strtol.o
       114          0          0          0          0         92   strtoul.o
        74          0          0          0          0         80   sys_stackheap_outer.o
        26          0          0          0          0         76   tolower.o
        30          0          0          0          0         76   toupper.o
         2          0          0          0          0         68   use_no_semi.o
         2          0          0          0          0         68   use_no_semi_2.o
        52          4          0          0          0         80   vsnprintf.o
        52          8          0          0          0         80   vsscanf.o
       100          0          0          0          0         76   wclass_c.o
        22          0          0          0          0         68   wcschr.o
        24          0          0          0          0         68   wcscmp.o
        18          0          0          0          0         68   wcscpy.o
        18          0          0          0          0         68   wcslen.o
        98          4          0          0          0         92   d2f.o
       826         16          0          0          0        348   daddsub_clz.o
        16          4          0          0          0         68   dcheck1.o
        24          0          0          0          0         68   dcmpi.o
       688        140          0          0          0        208   ddiv.o
       120          4          0          0          0         92   deqf.o
        94          4          0          0          0         92   dfix.o
       194          4          0          0          0        116   dfixll.o
        90          4          0          0          0         92   dfixu.o
        84          0          0          0          0        136   dflt_clz.o
       162          0          0          0          0         84   dfltll_clz.o
       120          4          0          0          0         92   dleqf.o
       340         12          0          0          0        104   dmul.o
       156          4          0          0          0         92   dnaninf.o
        12          0          0          0          0         68   dretinf.o
       108          0          0          0          0         80   drleqf.o
       460         56          0          0          0        120   dsqrt_noumaal.o
        86          4          0          0          0         84   f2d.o
       450          8          0          0          0        236   faddsub_clz.o
        12          4          0          0          0         68   fcheck1.o
        24          0          0          0          0         68   fcmpi.o
       388         76          0          0          0         96   fdiv.o
       104          4          0          0          0         84   feqf.o
        54          4          0          0          0         84   ffix.o
        62          4          0          0          0         84   ffixu.o
        86          0          0          0          0        136   fflt_clz.o
        96          0          0          0          0         84   ffltll_clz.o
       104          4          0          0          0         84   fleqf.o
       258          4          0          0          0         84   fmul.o
       140          4          0          0          0         84   fnaninf.o
         0          0         16          0          0          0   fpconst.o
        10          0          0          0          0         68   fretinf.o
        98          0          0          0          0         68   frleqf.o
         6          0          0          0          0         68   istatus.o
         4          0          0          0          0         68   printf1.o
         4          0          0          0          0         68   printf2.o
       100          0          0          0          0         68   retnan.o
        92          0          0          0          0         68   scalbn.o
        76          0          0          0          0         68   scalbnf.o
         4          0          0          0          0         68   scanf1.o
         8          0          0          0          0         84   scanf2.o
        48          0          0          0          0         68   trapv.o
         0          0          0          0          0          0   usenofp.o
       636         62         80          0          0        188   acos.o
       624         52         80          0          0        168   asin.o
       544         70        152          0          0        124   atan.o
        42          0          0          0          0         84   atof.o
       220         16          0          0          0         84   ceil.o
       156          8          0          0          0        104   cos.o
       252         22         48          0          0        124   cos_i.o
        64         10          0          0          0        340   dunder.o
       644         90         88          0          0        204   exp.o
       220         16          0          0          0         84   floor.o
        40          0          0          0          0         68   fpclassify.o
        88          8          0          0          0         76   frexp.o
       138          0          0          0          0        160   ldexp.o
       860         52         56          0          0        256   log.o
       228         30          0          0          0        120   log10.o
       204          4          0          0          0        168   narrow.o
       170          0          0          0          0         96   poly.o
         0          0          8          0          0          0   qnan.o
       904         76        200          0          0        140   rred.o
       160         10          0          0          0        108   sin.o
       236         12         40          0          0        128   sin_i.o
        76          0          0          0          0         84   sqrt.o
       100         10          0          0          0         96   tan.o
       636         50         96          0          0        168   tan_i.o

    ----------------------------------------------------------------------
     27824       1336       1417          0        100      15856   Library Totals
        38          2          2          0          4          0   (incl. Padding)

    ----------------------------------------------------------------------

      Code (inc. data)   RO Data    RW Data    ZI Data      Debug   Library Name

     14638        364        551          0         96       8692   c_w.l
      5906        372         16          0          0       3992   fz_ws.l
      7242        598        848          0          0       3172   m_ws.l

    ----------------------------------------------------------------------
     27824       1336       1417          0        100      15856   Library Totals

    ----------------------------------------------------------------------

==============================================================================


      Code (inc. data)   RO Data    RW Data    ZI Data      Debug   

    192938      12698     231298       1340      48156    1989747   Grand Totals
    192938      12698     231298        420      48156    1989747   ELF Image Totals (compressed)
    192938      12698     231298        420          0          0   ROM Totals

==============================================================================

    Total RO  Size (Code + RO Data)               424236 ( 414.29kB)
    Total RW  Size (RW Data + ZI Data)             49496 (  48.34kB)
    Total ROM Size (Code + RO Data + RW Data)     424656 ( 414.70kB)

==============================================================================

